<?xml version="1.0" encoding="UTF-8"?>
<testsuites name="jest tests" tests="1" failures="0" errors="0" time="3.714">
  <testsuite name="undefined" errors="0" failures="0" skipped="0" timestamp="2023-10-21T05:19:37" time="2.338" tests="1">
    <testcase classname=" renders learn react link" name=" renders learn react link" time="0.028">
    </testcase>
  </testsuite>
</testsuites>